Usage: app [flags]
Flags:
Static help output.
      --name NAME          Service name (Default: demo) (Env: APP_NAME)
  -p, --port PORT          API port (Default: 8080) (Env: APP_PORT)
      --mode <dev|prod>    Mode (Allowed: dev, prod) (Default: dev) (Env: APP_MODE)
  -h, --help               Show help
